fiber,100,Fiber deep,T,static,,http://www.ciena.com/insights/what-is/What-is-fiber-deep.html,U
deep,100,Fiber deep,T,static,,http://www.ciena.com/insights/what-is/What-is-fiber-deep.html,U
is,100,What is an API?,T,static,,http://www.ciena.com/insights/what-is/What-Is-API.html,U
api,100,What is an API?,T,static,,http://www.ciena.com/insights/what-is/What-Is-API.html,U
