singleword,100,Singleword,T,static,,http://www.ciena.com/singleword.html,U
Fiber deep,100,Fiber deep,T,static,,http://www.ciena.com/insights/what-is/What-is-fiber-deep.html,U
fiber deep,100,Fiber deep,T,static,,http://www.ciena.com/insights/what-is/What-is-fiber-deep.html,U
deep,100,Fiber deep,T,static,,http://www.ciena.com/insights/what-is/What-is-fiber-deep.html,U
What is an API?,100,What is an API?,T,static,,http://www.ciena.com/insights/what-is/What-Is-API.html,U
is an api,100,What is an API?,T,static,,http://www.ciena.com/insights/what-is/What-Is-API.html,U
api,100,What is an API?,T,static,,http://www.ciena.com/insights/what-is/What-Is-API.html,U
